// Jest Snapshot v1, https://goo.gl/fbAQLP

exports[`Slider/Field Correctly renders LIKERT slider (ordinal variable) 1`] = `"<div class=\\"form-field-container\\"><div class=\\"form-field-slider\\"><div class=\\"form-field-slider__slider form-field-slider__slider--likert form-field-slider__slider--not-set\\"><div class=\\"form-field-slider__handles\\"><div class=\\"form-field-slider__tooltip\\" style=\\"left: 0%;\\"><div class=\\"form-field-slider__tooltip-label\\">foo</div></div><div class=\\"form-field-slider__handle\\" style=\\"left: 0%;\\"></div><div role=\\"slider\\" aria-valuemin=\\"0\\" aria-valuemax=\\"3\\" aria-valuenow=\\"0\\" class=\\"form-field-slider__marker\\" style=\\"left: 0%;\\"></div></div><div class=\\"form-field-slider__tracks\\"><div class=\\"form-field-slider__track\\" style=\\"left: 0%; width: 0%;\\"><div class=\\"form-field-slider__track-line\\"></div></div><div class=\\"form-field-slider__track\\" style=\\"left: 0%; width: 100%;\\"><div class=\\"form-field-slider__track-line\\"></div></div></div><div class=\\"form-field-slider__ticks\\"><div class=\\"form-field-slider__tick\\" style=\\"position: absolute; left: 0%;\\"><div class=\\"form-field-slider__tick-label\\">foo</div></div><div class=\\"form-field-slider__tick\\" style=\\"position: absolute; left: 33.33333333333333%;\\"><div class=\\"form-field-slider__tick-label\\">bar</div></div><div class=\\"form-field-slider__tick\\" style=\\"position: absolute; left: 66.66666666666666%;\\"><div class=\\"form-field-slider__tick-label\\">bazz</div></div><div class=\\"form-field-slider__tick\\" style=\\"position: absolute; left: 100%;\\"><div class=\\"form-field-slider__tick-label\\">fizz</div></div></div></div><div class=\\"form-field-slider__error\\"><div class=\\"form-field-slider__error-message\\"><svg xmlns=\\"http://www.w3.org/2000/svg\\" viewBox=\\"0 0 180 160\\" class=\\"icon\\" name=\\"warning\\"><title>Warning</title><circle class=\\"cls-1\\" cx=\\"90\\" cy=\\"17.5\\" r=\\"17.5\\"></circle><circle class=\\"cls-1\\" cx=\\"17.5\\" cy=\\"142.5\\" r=\\"17.5\\"></circle><circle class=\\"cls-2\\" cx=\\"162.5\\" cy=\\"142.5\\" r=\\"17.5\\"></circle><path class=\\"cls-1\\" d=\\"M1.84 134.68L74.19 10h31.56l72.41 124.68H1.84z\\"></path><path class=\\"cls-2\\" d=\\"M78 134.68l63.36-63.36 36.8 63.36H78z\\"></path><path class=\\"cls-1\\" d=\\"M17.5 126.68h145V160h-145z\\"></path><circle class=\\"cls-3\\" cx=\\"84.29\\" cy=\\"99.31\\" r=\\"3\\"></circle><circle class=\\"cls-3\\" cx=\\"95.71\\" cy=\\"99.31\\" r=\\"3\\"></circle><circle class=\\"cls-4\\" cx=\\"79.93\\" cy=\\"48.69\\" r=\\"3\\"></circle><circle class=\\"cls-4\\" cx=\\"100.07\\" cy=\\"48.69\\" r=\\"3\\"></circle><path class=\\"cls-3\\" d=\\"M84.29 96.31h11.42v6H84.29z\\"></path><path class=\\"cls-4\\" d=\\"M79.93 45.69h20.15v6H79.93z\\"></path><path class=\\"cls-4\\" d=\\"M76.93 48.69l4.36 50.62h17.42l4.36-50.62H76.93z\\"></path><path class=\\"cls-3\\" d=\\"M80.03 84.75l1.26 14.56h17.42l3.13-36.37-21.81 21.81z\\"></path><path class=\\"cls-2\\" d=\\"M162.5 126.68H86L52.64 160H162.5v-33.32z\\"></path><circle class=\\"cls-4\\" cx=\\"90\\" cy=\\"122.68\\" r=\\"12\\"></circle><path class=\\"cls-3\\" d=\\"M81.51 131.17a12 12 0 0 0 17-17z\\"></path></svg></div></div></div></div>"`;

exports[`Slider/Field Correctly renders LIKERT slider (ordinal variable) 2`] = `"<div class=\\"form-field-slider__tooltip form-field-slider__tooltip--is-active\\" style=\\"left: 0%;\\"><div class=\\"form-field-slider__tooltip-label\\">foo</div></div>"`;

exports[`Slider/Field Correctly renders VISUAL ANALOG SCALE slider (scalar variable) 1`] = `"<div class=\\"form-field-container\\"><div class=\\"form-field-slider\\"><div class=\\"form-field-slider__slider form-field-slider__slider--vas form-field-slider__slider--not-set\\"><div class=\\"form-field-slider__handles\\"><div class=\\"form-field-slider__handle\\"></div><div role=\\"slider\\" aria-valuemin=\\"0\\" aria-valuemax=\\"1\\" aria-valuenow=\\"NaN\\" class=\\"form-field-slider__marker\\"></div></div><div class=\\"form-field-slider__tracks\\"><div class=\\"form-field-slider__track\\" style=\\"left: 0%;\\"><div class=\\"form-field-slider__track-line\\"></div></div><div class=\\"form-field-slider__track\\"><div class=\\"form-field-slider__track-line\\"></div></div></div><div class=\\"form-field-slider__ticks\\"><div class=\\"form-field-slider__tick\\" style=\\"position: absolute; left: 0%;\\"><div class=\\"form-field-slider__tick-label\\"></div></div><div class=\\"form-field-slider__tick\\" style=\\"position: absolute; left: 100%;\\"><div class=\\"form-field-slider__tick-label\\"></div></div></div></div><div class=\\"form-field-slider__error\\"><div class=\\"form-field-slider__error-message\\"><svg xmlns=\\"http://www.w3.org/2000/svg\\" viewBox=\\"0 0 180 160\\" class=\\"icon\\" name=\\"warning\\"><title>Warning</title><circle class=\\"cls-1\\" cx=\\"90\\" cy=\\"17.5\\" r=\\"17.5\\"></circle><circle class=\\"cls-1\\" cx=\\"17.5\\" cy=\\"142.5\\" r=\\"17.5\\"></circle><circle class=\\"cls-2\\" cx=\\"162.5\\" cy=\\"142.5\\" r=\\"17.5\\"></circle><path class=\\"cls-1\\" d=\\"M1.84 134.68L74.19 10h31.56l72.41 124.68H1.84z\\"></path><path class=\\"cls-2\\" d=\\"M78 134.68l63.36-63.36 36.8 63.36H78z\\"></path><path class=\\"cls-1\\" d=\\"M17.5 126.68h145V160h-145z\\"></path><circle class=\\"cls-3\\" cx=\\"84.29\\" cy=\\"99.31\\" r=\\"3\\"></circle><circle class=\\"cls-3\\" cx=\\"95.71\\" cy=\\"99.31\\" r=\\"3\\"></circle><circle class=\\"cls-4\\" cx=\\"79.93\\" cy=\\"48.69\\" r=\\"3\\"></circle><circle class=\\"cls-4\\" cx=\\"100.07\\" cy=\\"48.69\\" r=\\"3\\"></circle><path class=\\"cls-3\\" d=\\"M84.29 96.31h11.42v6H84.29z\\"></path><path class=\\"cls-4\\" d=\\"M79.93 45.69h20.15v6H79.93z\\"></path><path class=\\"cls-4\\" d=\\"M76.93 48.69l4.36 50.62h17.42l4.36-50.62H76.93z\\"></path><path class=\\"cls-3\\" d=\\"M80.03 84.75l1.26 14.56h17.42l3.13-36.37-21.81 21.81z\\"></path><path class=\\"cls-2\\" d=\\"M162.5 126.68H86L52.64 160H162.5v-33.32z\\"></path><circle class=\\"cls-4\\" cx=\\"90\\" cy=\\"122.68\\" r=\\"12\\"></circle><path class=\\"cls-3\\" d=\\"M81.51 131.17a12 12 0 0 0 17-17z\\"></path></svg></div></div></div></div>"`;

exports[`Slider/Field Correctly renders slider (number variable) 1`] = `"<div class=\\"form-field-container\\"><div class=\\"form-field-slider\\"><div class=\\"form-field-slider__slider form-field-slider__slider--not-set\\"><div class=\\"form-field-slider__handles\\"><div class=\\"form-field-slider__tooltip\\"><div class=\\"form-field-slider__tooltip-label\\">NaN</div></div><div class=\\"form-field-slider__handle\\"></div><div role=\\"slider\\" aria-valuemin=\\"0\\" aria-valuemax=\\"1\\" aria-valuenow=\\"NaN\\" class=\\"form-field-slider__marker\\"></div></div><div class=\\"form-field-slider__tracks\\"><div class=\\"form-field-slider__track\\" style=\\"left: 0%;\\"><div class=\\"form-field-slider__track-line\\"></div></div><div class=\\"form-field-slider__track\\"><div class=\\"form-field-slider__track-line\\"></div></div></div></div><div class=\\"form-field-slider__error\\"><div class=\\"form-field-slider__error-message\\"><svg xmlns=\\"http://www.w3.org/2000/svg\\" viewBox=\\"0 0 180 160\\" class=\\"icon\\" name=\\"warning\\"><title>Warning</title><circle class=\\"cls-1\\" cx=\\"90\\" cy=\\"17.5\\" r=\\"17.5\\"></circle><circle class=\\"cls-1\\" cx=\\"17.5\\" cy=\\"142.5\\" r=\\"17.5\\"></circle><circle class=\\"cls-2\\" cx=\\"162.5\\" cy=\\"142.5\\" r=\\"17.5\\"></circle><path class=\\"cls-1\\" d=\\"M1.84 134.68L74.19 10h31.56l72.41 124.68H1.84z\\"></path><path class=\\"cls-2\\" d=\\"M78 134.68l63.36-63.36 36.8 63.36H78z\\"></path><path class=\\"cls-1\\" d=\\"M17.5 126.68h145V160h-145z\\"></path><circle class=\\"cls-3\\" cx=\\"84.29\\" cy=\\"99.31\\" r=\\"3\\"></circle><circle class=\\"cls-3\\" cx=\\"95.71\\" cy=\\"99.31\\" r=\\"3\\"></circle><circle class=\\"cls-4\\" cx=\\"79.93\\" cy=\\"48.69\\" r=\\"3\\"></circle><circle class=\\"cls-4\\" cx=\\"100.07\\" cy=\\"48.69\\" r=\\"3\\"></circle><path class=\\"cls-3\\" d=\\"M84.29 96.31h11.42v6H84.29z\\"></path><path class=\\"cls-4\\" d=\\"M79.93 45.69h20.15v6H79.93z\\"></path><path class=\\"cls-4\\" d=\\"M76.93 48.69l4.36 50.62h17.42l4.36-50.62H76.93z\\"></path><path class=\\"cls-3\\" d=\\"M80.03 84.75l1.26 14.56h17.42l3.13-36.37-21.81 21.81z\\"></path><path class=\\"cls-2\\" d=\\"M162.5 126.68H86L52.64 160H162.5v-33.32z\\"></path><circle class=\\"cls-4\\" cx=\\"90\\" cy=\\"122.68\\" r=\\"12\\"></circle><path class=\\"cls-3\\" d=\\"M81.51 131.17a12 12 0 0 0 17-17z\\"></path></svg></div></div></div></div>"`;

exports[`Slider/Field Correctly renders slider (number variable) 2`] = `"<div class=\\"form-field-slider__tooltip form-field-slider__tooltip--is-active\\"><div class=\\"form-field-slider__tooltip-label\\">NaN</div></div>"`;
